[digitalgesetz.wiki/en.html]
[backblue.gif]
[fade.gif]
[index.html]
[digitalgesetz.wiki/assets/images/site/favicon.png]
[digitalgesetz.wiki/assets/images/site/favicon.svg]
[digitalgesetz.wiki/_next/static/css/7610f6a2ca65edcbbbe8.css]
[digitalgesetz.wiki/_next/static/chunks/polyfills-a54b4f32bdc1ef890ddd.js]
[digitalgesetz.wiki/_next/static/chunks/webpack-377d9957422d331503bc.js]
[digitalgesetz.wiki/_next/static/chunks/framework-92300432a1172ef1338b.js]
[digitalgesetz.wiki/_next/static/chunks/main-9fba886f1a0d36fd1a02.js]
[digitalgesetz.wiki/_next/static/chunks/pages/_app-58728669086685c866ea.js]
[digitalgesetz.wiki/_next/static/chunks/0e226fb0-2f701dd2d715f7fd6968.js]
[digitalgesetz.wiki/_next/static/chunks/931-343c5f4de33335080430.js]
[digitalgesetz.wiki/_next/static/chunks/977-30bf87c9b07f6c0299e3.js]
[digitalgesetz.wiki/_next/static/chunks/512-33ffd9fe68d5b2262e5e.js]
[digitalgesetz.wiki/_next/static/chunks/pages/index-c265b3397c1c8cd729e7.js]
[digitalgesetz.wiki/_next/static/-Zs4smVu2ZAJ11E-yWc8F/_buildManifest.js]
[digitalgesetz.wiki/_next/static/-Zs4smVu2ZAJ11E-yWc8F/_ssgManifest.js]
[digitalgesetz.wiki/assets/images/site/govlogo.png]
[digitalgesetz.wiki/en/artikel.html]
[digitalgesetz.wiki/assets/images/site/cdpslogo.png]
[digitalgesetz.wiki/assets/images/mocker.png]
[digitalgesetz.wiki/en.html]
[digitalgesetz.wiki/assets/images/site/favicon.svg]
[digitalgesetz.wiki/images/spinners/octocat-spinner-16px.15.delayed]
[digitalgesetz.wiki/images/modules/ajax/success.16.delayed]
[digitalgesetz.wiki/images/modules/ajax/error.17.delayed]
[digitalgesetz.wiki/images/spinners/octocat-spinner-32.18.delayed]
[digitalgesetz.wiki/images/modules/ajax/success@2x.19.delayed]
[digitalgesetz.wiki/images/modules/ajax/error@2x.1a.delayed]
[digitalgesetz.wiki/images/spinners/octocat-spinner-32-EAF2F5.1b.delayed]
[digitalgesetz.wiki/dist/fonts/Inter-Regular.woff]
[digitalgesetz.wiki/dist/fonts/Inter-Medium.woff]
[digitalgesetz.wiki/dist/fonts/Inter-Bold.woff]
[digitalgesetz.wiki/assets/fonts/alliance/alliance-no-1-regular.woff]
[digitalgesetz.wiki/assets/fonts/alliance/alliance-no-1-medium.woff]
[digitalgesetz.wiki/assets/fonts/alliance/alliance-no-1-bold.woff]
[digitalgesetz.wiki/assets/fonts/alliance/alliance-no-1-extrabold.woff]
[digitalgesetz.wiki/_next/static/css/7610f6a2ca65edcbbbe8.css]
[digitalgesetz.wiki/_next/static/chunks/138-7a55c45c10ce9c1f012a.js]
[digitalgesetz.wiki/_next/static/chunks/pages/[versionId]/[productId]-4d42733064ee7008b945.js]
[digitalgesetz.wiki/en/artikel/allgemeines/beitrag20.html]
[digitalgesetz.wiki/en/artikel/allgemeines/beitrag1.html]
[digitalgesetz.wiki/en/artikel/allgemeines/beitrag25.html]
[digitalgesetz.wiki/en/artikel/allgemeines/beitrag15.html]
[digitalgesetz.wiki/en/artikel/allgemeines/beitrag7.html]
[digitalgesetz.wiki/en/artikel/allgemeines/beitrag4.html]
[digitalgesetz.wiki/en/artikel/allgemeines/beitrag17.html]
[digitalgesetz.wiki/en/artikel/allgemeines/beitrag8.html]
[digitalgesetz.wiki/en/artikel/allgemeines/beitrag19.html]
[digitalgesetz.wiki/en/artikel/allgemeines/beitrag18.html]
[digitalgesetz.wiki/en/artikel/allgemeines/beitrag6.html]
[digitalgesetz.wiki/en/artikel/allgemeines/beitrag26.html]
[digitalgesetz.wiki/en/artikel/allgemeines/beitrag2.html]
[digitalgesetz.wiki/en/artikel/allgemeines/beitrag9.html]
[digitalgesetz.wiki/en/artikel/digitalerechte/beitrag16.html]
[digitalgesetz.wiki/en/artikel/digitalerechte/beitrag5.html]
[digitalgesetz.wiki/en/artikel/digitalerechte/beitrag14.html]
[digitalgesetz.wiki/en/artikel/digitalerechte/beitrag3.html]
[digitalgesetz.wiki/en/artikel/digitalerechte/beitrag21.html]
[digitalgesetz.wiki/en/artikel/digitaleverwaltung/beitrag27.html]
[digitalgesetz.wiki/en/artikel/digitaleverwaltung/beitrag11.html]
[digitalgesetz.wiki/en/artikel/digitaleverwaltung/beitrag28.html]
[digitalgesetz.wiki/en/artikel/digitaleverwaltung/beitrag24.html]
[digitalgesetz.wiki/en/artikel/digitaleverwaltung/beitrag22.html]
[digitalgesetz.wiki/en/artikel/digitaleverwaltung/beitrag12.html]
[digitalgesetz.wiki/en/artikel/digitaleverwaltung/beitrag10.html]
[digitalgesetz.wiki/en/artikel.html]
[digitalgesetz.wiki/index.html]
[digitalgesetz.wiki/images/spinners/octocat-spinner-16px.html]
[digitalgesetz.wiki/images/modules/ajax/success.html]
[digitalgesetz.wiki/images/modules/ajax/error.html]
[digitalgesetz.wiki/images/spinners/octocat-spinner-32.html]
[digitalgesetz.wiki/images/modules/ajax/success@2x.html]
[digitalgesetz.wiki/images/modules/ajax/error@2x.html]
[digitalgesetz.wiki/images/spinners/octocat-spinner-32-EAF2F5.html]
[digitalgesetz.wiki/assets/images/octicons/hamburger.svg]
[digitalgesetz.wiki/assets/images/octicons/x.svg]
[digitalgesetz.wiki/assets/images/octicons/search.svg]
[digitalgesetz.wiki/en/artikel/digitaleverwaltung/beitrag23.html]
[digitalgesetz.wiki/_next/static/chunks/pages/[versionId]/[productId]/[...restPage]-7f3d2f39b11653f2906e.js]
[digitalgesetz.wiki/en/artikel/allgemeines/beitrag20.html]
[digitalgesetz.wiki/en/artikel/allgemeines/beitrag1.html]
[digitalgesetz.wiki/en/artikel/allgemeines/beitrag25.html]
[digitalgesetz.wiki/en/artikel/allgemeines/beitrag15.html]
[digitalgesetz.wiki/en/artikel/allgemeines/beitrag7.html]
[digitalgesetz.wiki/en/artikel/allgemeines/beitrag4.html]
[digitalgesetz.wiki/en/artikel/allgemeines/beitrag17.html]
[digitalgesetz.wiki/en/artikel/allgemeines/beitrag8.html]
[digitalgesetz.wiki/en/artikel/allgemeines/beitrag19.html]
[digitalgesetz.wiki/en/artikel/allgemeines/beitrag18.html]
[digitalgesetz.wiki/en/artikel/allgemeines/beitrag6.html]
[digitalgesetz.wiki/en/artikel/allgemeines/beitrag26.html]
[digitalgesetz.wiki/en/artikel/allgemeines/beitrag2.html]
[digitalgesetz.wiki/en/artikel/allgemeines/beitrag9.html]
[digitalgesetz.wiki/en/artikel/allgemeines.html]
[digitalgesetz.wiki/en/artikel/digitalerechte/beitrag16.html]
[digitalgesetz.wiki/en/artikel/digitalerechte/beitrag5.html]
[digitalgesetz.wiki/en/artikel/digitalerechte/beitrag14.html]
[digitalgesetz.wiki/en/artikel/digitalerechte/beitrag3.html]
[digitalgesetz.wiki/en/artikel/digitalerechte/beitrag21.html]
[digitalgesetz.wiki/en/artikel/digitalerechte.html]
[digitalgesetz.wiki/en/artikel/digitaleverwaltung/beitrag27.html]
[digitalgesetz.wiki/en/artikel/digitaleverwaltung/beitrag11.html]
[digitalgesetz.wiki/en/artikel/digitaleverwaltung/beitrag28.html]
[digitalgesetz.wiki/en/artikel/digitaleverwaltung/beitrag24.html]
[digitalgesetz.wiki/en/artikel/digitaleverwaltung/beitrag22.html]
[digitalgesetz.wiki/en/artikel/digitaleverwaltung/beitrag12.html]
[digitalgesetz.wiki/en/artikel/digitaleverwaltung/beitrag10.html]
[digitalgesetz.wiki/en/artikel/digitaleverwaltung/beitrag23.html]
[digitalgesetz.wiki/en/artikel/allgemeines.html]
[digitalgesetz.wiki/en/artikel/digitalerechte.html]
[digitalgesetz.wiki/en/artikel/digitaleverwaltung.html]
[digitalgesetz.wiki/en/artikel/digitaleverwaltung.html]
